[data]
name = "bridge"
padding_top = 2
padding_bottom = 0
padding_left = 0
padding_right = 0


[display]
╔════════════════════════════════════════════════════════╗
║## #  #                                                 ║
║  ###  #                                                ║
║    ### #                                               ║
║       ###                                              ║
║          #                                             ║
           #_================================_.          ║
                                                \        ║
              __.==============================_  -      ║
║       !  #=" \ /'  '\"   ""   "/'  '\"   ""  .|_       ║
║         #    ╱        ╲      ╱        ╲      ╱  -      ║
║      ###    |          |    |          |    |          ║
║   #### |    |          |    |          |    |          ║
╚════════════════════════════════════════════════════════╝

[collisions]
##########################################################
###                                                      #
#  ##                                                    #
#    ###                                                 #
#       ###                                              #
#          #                                             #
<          ###################################           #
<1                                            #          #
<             _################################_         #
#       !  ####\ /'  '\          /'  '\         |        #
#         #    ╱        ╲      ╱        ╲      ╱         #
#       ##    |          |    |          |    |          #
#    ###      |          |    |          |    |          #
##########################################################

[definitions]
# = wall
< = transition "castle_side" "right"
1 = spawn "left"
! = sign "Caution! Bridge broken ahead!"
