[data]
name = "castle_court"
padding_top = 3
padding_bottom = 0
padding_left = 0
padding_right = 0


[display]
╔──────────┬─────────────────────────────────┬───────╗
│                                            │       │
│        ! │                                 │       │
│     ├────┘                                 └┐      │
│     │                                       └──────┤
│     │         ───────────────────────┐             │
│     │                                │             │
│     │                                │             │
│     │            ┌───────────────╴  ╶┤             │
│     └────────────┤                   │             │
│                                      │              
│                  │                   │              
│                  │                   │             │
╚──────────────────┴────     ──────────┴─────────────╝

[collisions]
######################################################
#                                            #       #
#        ! #                                 #       #
#     ######                                 ##      #
#     #                                       ########
#     #         ########################             #
#     #                                #             #
#     #                                #             #
#     #            #################  ##             #
#     ##############                   #             #
#                                      #            2>
#                  #                   #             >
#                  #      1            #             #
########################ddddd#########################

[definitions]
# = wall
d = transition "castle_front" "gate"
> = transition "forest" "left"
1 = spawn "gate"
2 = spawn "lower_right"
! = sign "You are inside the castle!"
