[data]
name = "castle_side"
padding_top = 3
padding_bottom = 0
padding_left = 0
padding_right = 0


[display]
      P
╔═  P/\═══════════════════════════╗
║  /\__\                          ║
=_/__\ |   ##########       ######║
  |. | |###          #######        
=_|. |                             
 _|. |                             
║____|/                        ###║
║                            ##   ║
                          ###     ║
                  ########        ║
           #######                ║
╚═════════════════════════════════╝

[collisions]
      P
╔═  P/\═══════════════════════════#
║  /\__\                          #
=_/__\#|   ##########       #######
  |. #^####          #######      >
=_|. #^                          3>
#_|. #^1                          >
#######                        ####
#                            ##   #
<                         ###     #
<2                ########        #
<          #######                #
###################################

[definitions]
# = wall
^ = transition "castle_court" "lower_right"
< = transition "castle_front" "right"
> = transition "bridge" "left"
1 = spawn "castle"
2 = spawn "left"
3 = spawn "right"
