[data]
name = "demo"
padding_top = 3
padding_bottom = 0
padding_left = 0
padding_right = 0


[display]
╔════════════════════════════════════════════════════╗
║                                                    ║
║   ┌──────┬───  ─┐    ┌─────┐                       ║
║   │ !    │      ├────┤     │                        
║   │             │   O│     │                        
║   ├─  ──────────┴╴ ╶─┴╴ ┐                           
║   │                     ├──┘                       ║
║   └─────────────────────┘     !                    ║
║                                                    ║
║                                                    ║
║                                                    ║
║                                                    ║
║                                                    ║
╚════════════════════════════════════════════════════╝

[collisions]
######################################################
#                                                    #
#   ###########  ##    #######                       #
#   # i    #      ######     #                       >
#   #             #   O#     #                      2>
#   ##  ############ #### #                          >
#   #                     ####                       #
#   #######################     !                    #
#                                                    #
#                        1                           #
#                                                    #
#                                                    #
#                                                    #
######################################################

[definitions]
# = wall
> = transition "castle_front" "left"
1 = spawn "central"
2 = spawn "right"
i = sign "You are inside the walls."
! = sign "This is a sign"