[data]
name = "forest_end"
padding_top = 2
padding_bottom = 0
padding_left = 0
padding_right = 0


[display]
                      \                              
╔═════════/══════════/ \═════════════════════════════╗
║        / \         / \   #          ^          /   ║
║   #    / \          |        /     / \        / \  ║
║ \       |     #####         / \     |         / \  ║
║/ \    "    ###     ###      / \      "         |   ║
║/ \        #           # #    |                  "  ║
║ |.       #    !   :::::::::::::::::: \/         #   
║   #       #           #          #::::::::::::::::::
║        \   ###     ###  \/                \     "   
║   /   / \ "   #####                ^     / \       ║
║  / \  / \                  /  #   / \    / \       ║
║  / \  .|            ^ "   / \      |      |       #║
║   |         \/     / \    / \        "         # # ║
╚════════════════════/ \═════|═══════════════════════╝

[collisions]
                      /                              
######################################################
#        / \         / \   #          ^          /   #
#   #    / \          |        /     / \        / \  #
# /       |     #####         / \     |         / \  #
#/ \    "    ###     ###      / \      "         |   #
#/ \        #           ##############            "  #
# |.       #    !   ::::::::::::::::::###############>
#   #       #           ############::::::::::::::::1>
#        /   ###     ###  \/        #################>
#   /   / \ "   #####                ^     / \       #
#  / \  / \                  /  #   / \    / \       #
#  / \  .|            ^ "   / \      |      |       ##
#   |         \/     / \    / \        "         # # #
######################################################

[definitions]
# = wall
> = transition "forest" "left"
1 = spawn "right"
! = sign "This is the end of the path..."
: = floor "grass"