[data]
name = "lower_bridge"
padding_top = 2
padding_bottom = 0
padding_left = 0
padding_right = 0


[display]
              __.==============================_  -      
║       !  #=" \ /'  '\"   ""   "/'  '\"   ""  .|_       ║
║         #    ╱        ╲      ╱        ╲      ╱  -      ║
║      ###    |          |    |          |    |      .   ║
║####### |    |          |    |          |    |          ║
║        |    |          |    |          |    |          ║
║        |    |   ^      |    |          |    |    ^     ║
║       _|    |_ / \    _|    |_        _|    |_  / \    ║
║##----|________|-|----|________|------|________|--|-----║
║@ #                                                     ║
║ #                                                      ║
║ ##   #      #                                          ║
╚═════###    ###═════════════════════════════════════════╝

[collisions]
              __.==============================_  -      
#       !  #=" \ /'  '\"   ""   "/'  '\"   ""  .|_       #
#         #    ╱        ╲      ╱        ╲      ╱  -      #
#      ###    |          |    |          |    |      .   #
######## |    |          |    |          |    |          #
║        |    |          |    |          |    |          ║
║        |    |          |    |          |    |          ║
#       _|    |_        _|    |_        _|    |_         #
##########################################################
#@ #                                                     #
# #                                                      #
# ##   #  1   #                                          #
#########dddd#############################################

[definitions]
# = wall
d = transition "hidden_garden_path" "top"
1 = spawn "bottom"
! = sign "Caution! Bridge broken ahead!"
