[data]
name = "lower_forest"
padding_top = 0
padding_bottom = 0
padding_left = 0
padding_right = 0


[display]
                  /                                   
    \            / \                 \                
   / \       \   / \        /       / \           ^   
╔══/ \══════/ \══ | ═══════/ \══════/ \═══ ^ ════/ \═╗
║   |       / \            / \       | .  / \     |  ║
║ \/         |     \/       |         "   / \        ║
║    \  "      \                \/         |    \/    
║   / \       / \                             ::::::::
║   / \       / \  \/      ::::::::      :::::::      
     |        .| ::::::::::::    ::::::::::          ║
::::::  \/ ::::::::          \                  \    ║
    :::::::::"      \/      / \    /    \/     / \   ║
║  \/     /              /  / \   / \          / \   ║
║        / \ "   \      / \  |    / \    ^      |.   ║
║        / \    / \     / \        |    / \          ║
║  "      |     / \      | \/     "      |     \/    ║
╚════════════════════════════════════════════════════╝

[collisions]
                  /                                   
    \            / \                 \                
   / \       \   / \        /       / \           ^   
######################################################
#   |       / \            / \       |    / \     |  #
# \/         |     \/       |             / \        #
#    \         \        ######  \/         |  #######>
#   / \       / \       ###########     ######::::::1>
#   / \       / \##########::::::::######:::::::#####>
<######    ######::::::::::::####::::::::::#####     #
<2::::#####::::::::##########\  ###########     \    #
<###:::::::::###### \/      / \    /    \/     / \   #
#  \#########            /  / \   / \          / \   #
#        / \     \      / \  |    / \    ^      |    #
#        / \    / \     / \        |    / \          #
#         |     / \      | \/            |     \/    #
######################################################

[definitions]
# = wall
> = transition "castle_front" "left"
< = transition "lower_bridge" "right"
1 = spawn "right"
2 = spawn "left"
: = floor "grass"