[data]
name = "windmill"
padding_top = 0
padding_bottom = 0
padding_left = 0
padding_right = 0


[display]
                /'.         .'\
               /   '.     .'   \
               '-._  '. .'  _.-'
                   '-. : .-'
                  _.-:(-):-._
               .-'   .'_'.   '-.
               \   .'/   \'.   /
                \.' /     \ './
╔═══════════════════|  _  |═══════════════════════╗
║≈≈≈~~~~       ~≈~  | [_] |   ~≈~           #   @ ║
║ ~~~≈≈~≈≈≈~≈≈~≈~  / /   \ \   ~≈~          # @   ║
║         ~~~~~~≈≈≈~~      ~~~≈≈~           ######║
║                 ~~≈≈≈≈≈[]≈≈≈~~                  ║
║                    ~~~[]~~~                     ║
║                                                 ║
║                                                 ║
║                                                 ║
╚═════════  ══════════════════════════════════════╝

[collisions]
|
|
|
|
|
|
|
|
####################|  _  |########################
########       ###  # ^^^ #   ###           #     #
# ###############  ### 2 ###   ###          #     #
#         ###########      ######           #######
#                 #######[]######                 #
#                    ###[]###                     #
#                                                 #
#                                                 #
#          1                                      #
##########aa#######################################

[definitions]
# = wall
^ = transition "windmill_inside" "door"
a = transition "lower_forest" "top"
1 = spawn "bottom"
2 = spawn "door"
